Reading [PATH]
Collection: bafkr4ifnslw5aifxazkwlivqwt7rl3nbex6w3atfko3be7h6ss25vj2ipm

PeerID: oK2O4t8twxqe3mUiv_aRds2ZDS-ln03b-oU2KvI8qpU
Auth token: uyfZLJHxXhyrL3T2FG7waiAh214H0fETxVqzAdYHGX0
All-in-one ticket: IK2S7dAgtwZVZaKwtP8V7aEl_W2CZVO2Enz-lLXap0h7IKCtjuLfLcMant5lIr_2kXbNmQ0vpZ9N2_qFNiryPKqVAH8AAAHG0gK7J9kskfFeHKsvdPYUbvBqICHbXgfR8RPFWrMB1gcZfQ
