Reading [PATH]
Collection: bafkr4iahpa5b75ondci6tkri7ny4pxrfdmqaeycg5uu5kelizoekjn3or4

PeerID: oK2O4t8twxqe3mUiv_aRds2ZDS-ln03b-oU2KvI8qpU
Auth token: uyfZLJHxXhyrL3T2FG7waiAh214H0fETxVqzAdYHGX0
All-in-one ticket: IAd4Oh_1zRiR6aoo-3HH3iUbIAJgRu0p1RFoy4ikt26PIKCtjuLfLcMant5lIr_2kXbNmQ0vpZ9N2_qFNiryPKqVAH8AAAHG0gK7J9kskfFeHKsvdPYUbvBqICHbXgfR8RPFWrMB1gcZfQ
