Reading [PATH]
Collection: bafkr4ic7nvgyutah2cpnavkwittawseizlln4r7xjciturflycwl3hmzx4

PeerID: oK2O4t8twxqe3mUiv_aRds2ZDS-ln03b-oU2KvI8qpU
Auth token: uyfZLJHxXhyrL3T2FG7waiAh214H0fETxVqzAdYHGX0
All-in-one ticket: IF9tTYpMB9Ce0FVWROYLSIjK1t5H90iROkSrwKy9nZm_IKCtjuLfLcMant5lIr_2kXbNmQ0vpZ9N2_qFNiryPKqVAH8AAAHF0gK7J9kskfFeHKsvdPYUbvBqICHbXgfR8RPFWrMB1gcZfQ
